2025-08-08 18:40:03,197 - Knowledge - INFO - Redis support added with prefix knowledge:b0770br:
2025-08-08 18:40:03,310 - Knowledge - INFO - load persisted knowledge: begin
2025-08-08 18:40:03,314 - Knowledge - INFO - load persisted knowledge: end
2025-08-08 18:40:03,314 - Knowledge - INFO - load persisted docinfo: begin
2025-08-08 18:40:03,316 - Knowledge - INFO - load persisted docinfo: end
2025-08-08 18:40:03,335 - Knowledge - INFO - worker kw1 created with dedicated MongoDB connection (total: 1)
2025-08-08 18:40:03,336 - Knowledge - INFO - knowledge worker kw1 start
2025-08-08 18:40:03,336 - Knowledge - INFO - worker kw1 pull /app/data/b2c/4015/b0770br/react-note-app-4015/src/serviceWorker.ts from ingest queue
2025-08-08 18:40:03,337 - Knowledge - INFO - worker kw2 created with dedicated MongoDB connection (total: 2)
2025-08-08 18:40:03,338 - Knowledge - INFO - knowledge worker kw2 start
2025-08-08 18:40:03,339 - Knowledge - INFO - worker kw2 pull /app/data/b2c/4015/b0770br/react-note-app-4015/src/react-app-env.d.ts from ingest queue
2025-08-08 18:40:03,341 - Knowledge - INFO - worker kw3 created with dedicated MongoDB connection (total: 3)
2025-08-08 18:40:03,341 - Knowledge - INFO - knowledge worker kw3 start
2025-08-08 18:40:03,342 - Knowledge - INFO - worker kw3 pull /app/data/b2c/4015/b0770br/react-note-app-4015/src/components/About.tsx from ingest queue
2025-08-08 18:40:03,344 - Knowledge - INFO - worker kw4 created with dedicated MongoDB connection (total: 4)
2025-08-08 18:40:03,345 - Knowledge - INFO - knowledge worker kw4 start
2025-08-08 18:40:03,345 - Knowledge - INFO - worker kw4 pull /app/data/b2c/4015/b0770br/react-note-app-4015/src/components/Auth/Login.tsx from ingest queue
2025-08-08 18:40:03,347 - Knowledge - INFO - worker kw5 created with dedicated MongoDB connection (total: 5)
2025-08-08 18:40:03,347 - Knowledge - INFO - knowledge worker kw5 start
2025-08-08 18:40:03,352 - Knowledge - INFO - worker kw6 created with dedicated MongoDB connection (total: 6)
2025-08-08 18:40:03,352 - Knowledge - INFO - knowledge worker kw6 start
2025-08-08 18:40:03,353 - Knowledge - INFO - worker kw7 created with dedicated MongoDB connection (total: 7)
2025-08-08 18:40:03,353 - Knowledge - INFO - knowledge worker kw7 start
2025-08-08 18:40:03,354 - Knowledge - INFO - worker kw8 created with dedicated MongoDB connection (total: 8)
2025-08-08 18:40:03,355 - Knowledge - INFO - knowledge worker kw8 start
2025-08-08 18:40:03,355 - Knowledge - INFO - worker kw9 created with dedicated MongoDB connection (total: 9)
2025-08-08 18:40:03,356 - Knowledge - INFO - knowledge worker kw9 start
2025-08-08 18:40:03,356 - Knowledge - INFO - worker kw10 created with dedicated MongoDB connection (total: 10)
2025-08-08 18:40:03,357 - Knowledge - INFO - knowledge worker kw10 start
2025-08-08 18:40:03,358 - Knowledge - INFO - worker kw11 created with dedicated MongoDB connection (total: 11)
2025-08-08 18:40:03,358 - Knowledge - INFO - knowledge worker kw11 start
2025-08-08 18:40:03,359 - Knowledge - INFO - worker kw12 created with dedicated MongoDB connection (total: 12)
2025-08-08 18:40:03,359 - Knowledge - INFO - knowledge worker kw12 start
2025-08-08 18:40:03,360 - Knowledge - INFO - worker kw13 created with dedicated MongoDB connection (total: 13)
2025-08-08 18:40:03,360 - Knowledge - INFO - knowledge worker kw13 start
2025-08-08 18:40:03,361 - Knowledge - INFO - worker kw14 created with dedicated MongoDB connection (total: 14)
2025-08-08 18:40:03,361 - Knowledge - INFO - knowledge worker kw14 start
2025-08-08 18:40:03,362 - Knowledge - INFO - worker kw15 created with dedicated MongoDB connection (total: 15)
2025-08-08 18:40:03,362 - Knowledge - INFO - knowledge worker kw15 start
2025-08-08 18:40:03,363 - Knowledge - INFO - worker kw16 created with dedicated MongoDB connection (total: 16)
2025-08-08 18:40:03,364 - Knowledge - INFO - knowledge worker kw16 start
2025-08-08 18:40:03,365 - Knowledge - INFO - worker kw9 pull /app/data/b2c/4015/b0770br/react-note-app-4015/src/components/Home.tsx from ingest queue
2025-08-08 18:40:03,367 - Knowledge - INFO - worker kw12 pull /app/data/b2c/4015/b0770br/react-note-app-4015/src/components/AppFooter.tsx from ingest queue
2025-08-08 18:40:03,367 - Knowledge - INFO - worker kw11 pull /app/data/b2c/4015/b0770br/react-note-app-4015/src/components/AppHeader.tsx from ingest queue
2025-08-08 18:40:03,368 - Knowledge - INFO - worker kw5 pull /app/data/b2c/4015/b0770br/react-note-app-4015/src/components/Routes.tsx from ingest queue
2025-08-08 18:40:03,369 - Knowledge - INFO - worker kw16 pull /app/data/b2c/4015/b0770br/react-note-app-4015/src/App.tsx from ingest queue
2025-08-08 18:40:03,371 - Knowledge - INFO - worker kw8 pull /app/data/b2c/4015/b0770br/react-note-app-4015/src/index.tsx from ingest queue
2025-08-08 18:40:03,372 - Knowledge - INFO - worker kw14 pull /app/data/b2c/4015/b0770br/react-note-app-4015/src/context/AuthContext.tsx from ingest queue
2025-08-08 18:40:03,374 - Knowledge - INFO - worker kw6 pull /app/data/b2c/4015/b0770br/react-note-app-4015/src/context/AppContext.tsx from ingest queue
2025-08-08 18:40:03,375 - Knowledge - INFO - worker kw13 pull /app/data/b2c/4015/b0770br/react-note-app-4015/src/types/index.ts from ingest queue
2025-08-08 18:40:03,376 - Knowledge - INFO - worker kw15 pull /app/data/b2c/4015/b0770br/react-note-app-4015/src/reducers/asyncReducer.ts from ingest queue
2025-08-08 18:40:03,377 - Knowledge - INFO - worker kw7 pull /app/data/b2c/4015/b0770br/react-note-app-4015/src/mocks/index.ts from ingest queue
2025-08-08 18:40:03,379 - Knowledge - INFO - worker kw17 created with dedicated MongoDB connection (total: 17)
2025-08-08 18:40:03,379 - Knowledge - INFO - knowledge worker kw17 start
2025-08-08 18:40:03,381 - Knowledge - INFO - worker kw18 created with dedicated MongoDB connection (total: 18)
2025-08-08 18:40:03,381 - Knowledge - INFO - knowledge worker kw18 start
2025-08-08 18:40:03,382 - Knowledge - INFO - worker kw19 created with dedicated MongoDB connection (total: 19)
2025-08-08 18:40:03,382 - Knowledge - INFO - knowledge worker kw19 start
2025-08-08 18:40:03,383 - Knowledge - INFO - worker kw20 created with dedicated MongoDB connection (total: 20)
2025-08-08 18:40:03,384 - Knowledge - INFO - knowledge worker kw20 start
2025-08-08 18:40:03,385 - Knowledge - WARNING - High connection count: 21 connections active
2025-08-08 18:40:03,385 - Knowledge - INFO - worker kw21 created with dedicated MongoDB connection (total: 21)
2025-08-08 18:40:03,385 - Knowledge - INFO - knowledge worker kw21 start
2025-08-08 18:40:03,386 - Knowledge - INFO - worker kw21 pull /app/data/b2c/4015/b0770br/react-note-app-4015/src/tailwind.css from ingest queue
2025-08-08 18:40:03,389 - Knowledge - WARNING - High connection count: 22 connections active
2025-08-08 18:40:03,389 - Knowledge - INFO - worker kw22 created with dedicated MongoDB connection (total: 22)
2025-08-08 18:40:03,389 - Knowledge - INFO - knowledge worker kw22 start
2025-08-08 18:40:03,390 - Knowledge - WARNING - High connection count: 23 connections active
2025-08-08 18:40:03,391 - Knowledge - INFO - worker kw23 created with dedicated MongoDB connection (total: 23)
2025-08-08 18:40:03,391 - Knowledge - INFO - knowledge worker kw23 start
2025-08-08 18:40:03,392 - Knowledge - WARNING - High connection count: 24 connections active
2025-08-08 18:40:03,392 - Knowledge - INFO - worker kw24 created with dedicated MongoDB connection (total: 24)
2025-08-08 18:40:03,392 - Knowledge - INFO - knowledge worker kw24 start
2025-08-08 18:40:03,393 - Knowledge - WARNING - High connection count: 25 connections active
2025-08-08 18:40:03,393 - Knowledge - INFO - worker kw25 created with dedicated MongoDB connection (total: 25)
2025-08-08 18:40:03,394 - Knowledge - INFO - knowledge worker kw25 start
2025-08-08 18:40:03,397 - Knowledge - INFO - worker kw10 pull /app/data/b2c/4015/b0770br/react-note-app-4015/src/__tests__/components/AppHeader.test.tsx from ingest queue
2025-08-08 18:40:03,398 - Knowledge - INFO - worker kw24 pull /app/data/b2c/4015/b0770br/react-note-app-4015/src/__tests__/components/AppFooter.test.tsx from ingest queue
2025-08-08 18:40:03,402 - Knowledge - INFO - worker kw17 pull /app/data/b2c/4015/b0770br/react-note-app-4015/src/__tests__/context/AuthContext.test.tsx from ingest queue
2025-08-08 18:40:03,402 - Knowledge - INFO - worker kw18 pull /app/data/b2c/4015/b0770br/react-note-app-4015/package.json from ingest queue
2025-08-08 18:40:03,402 - Knowledge - INFO - worker kw22 pull /app/data/b2c/4015/b0770br/react-note-app-4015/tslint.json from ingest queue
2025-08-08 18:40:03,403 - Knowledge - INFO - worker kw20 pull /app/data/b2c/4015/b0770br/react-note-app-4015/tsconfig.json from ingest queue
2025-08-08 18:40:03,405 - Knowledge - INFO - worker kw25 pull /app/data/b2c/4015/b0770br/react-note-app-4015/README.md from ingest queue
2025-08-08 18:40:03,411 - Knowledge - INFO - worker kw23 pull /app/data/b2c/4015/b0770br/react-note-app-4015/tailwind.config.js from ingest queue
2025-08-08 18:40:03,413 - Knowledge - INFO - worker kw19 pull /app/data/b2c/4015/b0770br/react-note-app-4015/public/index.html from ingest queue
2025-08-08 18:40:03,501 - Knowledge - INFO - process ingested knowledge for /app/data/b2c/4015/b0770br/react-note-app-4015/src/tailwind.css
2025-08-08 18:40:03,507 - Knowledge - INFO - process ingested knowledge for /app/data/b2c/4015/b0770br/react-note-app-4015/src/react-app-env.d.ts
2025-08-08 18:40:03,514 - Knowledge - INFO - process ingested knowledge for /app/data/b2c/4015/b0770br/react-note-app-4015/src/components/Auth/Login.tsx
2025-08-08 18:40:03,515 - Knowledge - INFO - process ingested knowledge for /app/data/b2c/4015/b0770br/react-note-app-4015/src/serviceWorker.ts
2025-08-08 18:40:03,590 - Knowledge - INFO - Found code-base-name: https://github.com/kavia-common/react-note-app-4015.git:kavia-master
2025-08-08 18:40:03,590 - Knowledge - INFO - Found code_base: <app.utils.kg_build.knowledge.KnowledgeCodeBase object at 0x7f638418a010>
2025-08-08 18:40:03,591 - Knowledge - INFO - persist ingested knowledge for /app/data/b2c/4015/b0770br/react-note-app-4015/src/tailwind.css
2025-08-08 18:40:03,600 - Knowledge - INFO - process ingested knowledge for /app/data/b2c/4015/b0770br/react-note-app-4015/src/App.tsx
2025-08-08 18:40:03,602 - Knowledge - INFO - process ingested knowledge for /app/data/b2c/4015/b0770br/react-note-app-4015/tsconfig.json
2025-08-08 18:40:03,694 - Knowledge - INFO - process ingested knowledge for /app/data/b2c/4015/b0770br/react-note-app-4015/src/context/AuthContext.tsx
2025-08-08 18:40:03,695 - Knowledge - INFO - process ingested knowledge for /app/data/b2c/4015/b0770br/react-note-app-4015/src/index.tsx
2025-08-08 18:40:03,696 - Knowledge - INFO - process ingested knowledge for /app/data/b2c/4015/b0770br/react-note-app-4015/src/components/AppHeader.tsx
2025-08-08 18:40:03,699 - Knowledge - INFO - process ingested knowledge for /app/data/b2c/4015/b0770br/react-note-app-4015/src/components/AppFooter.tsx
2025-08-08 18:40:03,699 - Knowledge - INFO - process ingested knowledge for /app/data/b2c/4015/b0770br/react-note-app-4015/src/reducers/asyncReducer.ts
2025-08-08 18:40:03,699 - Knowledge - INFO - process ingested knowledge for /app/data/b2c/4015/b0770br/react-note-app-4015/src/__tests__/components/AppHeader.test.tsx
2025-08-08 18:40:03,700 - Knowledge - INFO - process ingested knowledge for /app/data/b2c/4015/b0770br/react-note-app-4015/tailwind.config.js
2025-08-08 18:40:03,701 - Knowledge - INFO - process ingested knowledge for /app/data/b2c/4015/b0770br/react-note-app-4015/src/components/Routes.tsx
2025-08-08 18:40:03,701 - Knowledge - INFO - process ingested knowledge for /app/data/b2c/4015/b0770br/react-note-app-4015/src/mocks/index.ts
2025-08-08 18:40:03,702 - Knowledge - INFO - process ingested knowledge for /app/data/b2c/4015/b0770br/react-note-app-4015/package.json
2025-08-08 18:40:03,702 - Knowledge - INFO - process ingested knowledge for /app/data/b2c/4015/b0770br/react-note-app-4015/src/components/About.tsx
2025-08-08 18:40:03,703 - Knowledge - INFO - process ingested knowledge for /app/data/b2c/4015/b0770br/react-note-app-4015/tslint.json
2025-08-08 18:40:03,703 - Knowledge - INFO - process ingested knowledge for /app/data/b2c/4015/b0770br/react-note-app-4015/README.md
2025-08-08 18:40:03,704 - Knowledge - INFO - process ingested knowledge for /app/data/b2c/4015/b0770br/react-note-app-4015/public/index.html
2025-08-08 18:40:03,705 - Knowledge - INFO - process ingested knowledge for /app/data/b2c/4015/b0770br/react-note-app-4015/src/types/index.ts
2025-08-08 18:40:03,713 - Knowledge - INFO - process ingested knowledge for /app/data/b2c/4015/b0770br/react-note-app-4015/src/components/Home.tsx
2025-08-08 18:40:03,714 - Knowledge - INFO - process ingested knowledge for /app/data/b2c/4015/b0770br/react-note-app-4015/src/__tests__/context/AuthContext.test.tsx
2025-08-08 18:40:03,715 - Knowledge - INFO - process ingested knowledge for /app/data/b2c/4015/b0770br/react-note-app-4015/src/context/AppContext.tsx
2025-08-08 18:40:03,717 - Knowledge - INFO - process ingested knowledge for /app/data/b2c/4015/b0770br/react-note-app-4015/src/__tests__/components/AppFooter.test.tsx
2025-08-08 18:40:03,728 - Knowledge - INFO - adding /app/data/b2c/4015/b0770br/react-note-app-4015/src/tailwind.css to ingest queue
2025-08-08 18:40:03,728 - Knowledge - INFO - Found code-base-name: https://github.com/kavia-common/react-note-app-4015.git:kavia-master
2025-08-08 18:40:03,728 - Knowledge - INFO - Found code_base: <app.utils.kg_build.knowledge.KnowledgeCodeBase object at 0x7f638418a010>
2025-08-08 18:40:03,729 - Knowledge - INFO - persist ingested knowledge for /app/data/b2c/4015/b0770br/react-note-app-4015/src/react-app-env.d.ts
2025-08-08 18:40:03,729 - Knowledge - INFO - Found code-base-name: https://github.com/kavia-common/react-note-app-4015.git:kavia-master
2025-08-08 18:40:03,729 - Knowledge - INFO - Found code_base: <app.utils.kg_build.knowledge.KnowledgeCodeBase object at 0x7f638418a010>
2025-08-08 18:40:03,729 - Knowledge - INFO - persist ingested knowledge for /app/data/b2c/4015/b0770br/react-note-app-4015/src/serviceWorker.ts
2025-08-08 18:40:03,729 - Knowledge - INFO - Found code-base-name: https://github.com/kavia-common/react-note-app-4015.git:kavia-master
2025-08-08 18:40:03,730 - Knowledge - INFO - Found code_base: <app.utils.kg_build.knowledge.KnowledgeCodeBase object at 0x7f638418a010>
2025-08-08 18:40:03,730 - Knowledge - INFO - persist ingested knowledge for /app/data/b2c/4015/b0770br/react-note-app-4015/src/App.tsx
2025-08-08 18:40:03,730 - Knowledge - INFO - Found code-base-name: https://github.com/kavia-common/react-note-app-4015.git:kavia-master
2025-08-08 18:40:03,730 - Knowledge - INFO - Found code_base: <app.utils.kg_build.knowledge.KnowledgeCodeBase object at 0x7f638418a010>
2025-08-08 18:40:03,730 - Knowledge - INFO - persist ingested knowledge for /app/data/b2c/4015/b0770br/react-note-app-4015/tsconfig.json
2025-08-08 18:40:03,730 - Knowledge - INFO - Found code-base-name: https://github.com/kavia-common/react-note-app-4015.git:kavia-master
2025-08-08 18:40:03,730 - Knowledge - INFO - Found code_base: <app.utils.kg_build.knowledge.KnowledgeCodeBase object at 0x7f638418a010>
2025-08-08 18:40:03,730 - Knowledge - INFO - persist ingested knowledge for /app/data/b2c/4015/b0770br/react-note-app-4015/src/components/AppHeader.tsx
2025-08-08 18:40:03,730 - Knowledge - INFO - Found code-base-name: https://github.com/kavia-common/react-note-app-4015.git:kavia-master
2025-08-08 18:40:03,731 - Knowledge - INFO - Found code_base: <app.utils.kg_build.knowledge.KnowledgeCodeBase object at 0x7f638418a010>
2025-08-08 18:40:03,731 - Knowledge - INFO - persist ingested knowledge for /app/data/b2c/4015/b0770br/react-note-app-4015/src/reducers/asyncReducer.ts
2025-08-08 18:40:03,731 - Knowledge - INFO - Found code-base-name: https://github.com/kavia-common/react-note-app-4015.git:kavia-master
2025-08-08 18:40:03,731 - Knowledge - INFO - Found code_base: <app.utils.kg_build.knowledge.KnowledgeCodeBase object at 0x7f638418a010>
2025-08-08 18:40:03,731 - Knowledge - INFO - persist ingested knowledge for /app/data/b2c/4015/b0770br/react-note-app-4015/src/context/AuthContext.tsx
2025-08-08 18:40:03,731 - Knowledge - INFO - Found code-base-name: https://github.com/kavia-common/react-note-app-4015.git:kavia-master
2025-08-08 18:40:03,731 - Knowledge - INFO - Found code_base: <app.utils.kg_build.knowledge.KnowledgeCodeBase object at 0x7f638418a010>
2025-08-08 18:40:03,731 - Knowledge - INFO - persist ingested knowledge for /app/data/b2c/4015/b0770br/react-note-app-4015/tailwind.config.js
2025-08-08 18:40:03,731 - Knowledge - INFO - Found code-base-name: https://github.com/kavia-common/react-note-app-4015.git:kavia-master
2025-08-08 18:40:03,731 - Knowledge - INFO - Found code_base: <app.utils.kg_build.knowledge.KnowledgeCodeBase object at 0x7f638418a010>
2025-08-08 18:40:03,731 - Knowledge - INFO - persist ingested knowledge for /app/data/b2c/4015/b0770br/react-note-app-4015/src/index.tsx
2025-08-08 18:40:03,732 - Knowledge - INFO - Found code-base-name: https://github.com/kavia-common/react-note-app-4015.git:kavia-master
2025-08-08 18:40:03,732 - Knowledge - INFO - Found code_base: <app.utils.kg_build.knowledge.KnowledgeCodeBase object at 0x7f638418a010>
2025-08-08 18:40:03,732 - Knowledge - INFO - persist ingested knowledge for /app/data/b2c/4015/b0770br/react-note-app-4015/src/mocks/index.ts
2025-08-08 18:40:03,732 - Knowledge - INFO - Found code-base-name: https://github.com/kavia-common/react-note-app-4015.git:kavia-master
2025-08-08 18:40:03,732 - Knowledge - INFO - Found code_base: <app.utils.kg_build.knowledge.KnowledgeCodeBase object at 0x7f638418a010>
2025-08-08 18:40:03,732 - Knowledge - INFO - persist ingested knowledge for /app/data/b2c/4015/b0770br/react-note-app-4015/src/components/AppFooter.tsx
2025-08-08 18:40:03,733 - Knowledge - INFO - Found code-base-name: https://github.com/kavia-common/react-note-app-4015.git:kavia-master
2025-08-08 18:40:03,733 - Knowledge - INFO - Found code_base: <app.utils.kg_build.knowledge.KnowledgeCodeBase object at 0x7f638418a010>
2025-08-08 18:40:03,733 - Knowledge - INFO - persist ingested knowledge for /app/data/b2c/4015/b0770br/react-note-app-4015/src/__tests__/components/AppHeader.test.tsx
2025-08-08 18:40:03,733 - Knowledge - INFO - Found code-base-name: https://github.com/kavia-common/react-note-app-4015.git:kavia-master
2025-08-08 18:40:03,733 - Knowledge - INFO - Found code_base: <app.utils.kg_build.knowledge.KnowledgeCodeBase object at 0x7f638418a010>
2025-08-08 18:40:03,733 - Knowledge - INFO - persist ingested knowledge for /app/data/b2c/4015/b0770br/react-note-app-4015/tslint.json
2025-08-08 18:40:03,733 - Knowledge - INFO - Found code-base-name: https://github.com/kavia-common/react-note-app-4015.git:kavia-master
2025-08-08 18:40:03,734 - Knowledge - INFO - Found code_base: <app.utils.kg_build.knowledge.KnowledgeCodeBase object at 0x7f638418a010>
2025-08-08 18:40:03,734 - Knowledge - INFO - persist ingested knowledge for /app/data/b2c/4015/b0770br/react-note-app-4015/README.md
2025-08-08 18:40:03,734 - Knowledge - INFO - Found code-base-name: https://github.com/kavia-common/react-note-app-4015.git:kavia-master
2025-08-08 18:40:03,734 - Knowledge - INFO - Found code_base: <app.utils.kg_build.knowledge.KnowledgeCodeBase object at 0x7f638418a010>
2025-08-08 18:40:03,734 - Knowledge - INFO - persist ingested knowledge for /app/data/b2c/4015/b0770br/react-note-app-4015/src/components/Routes.tsx
2025-08-08 18:40:03,734 - Knowledge - INFO - Found code-base-name: https://github.com/kavia-common/react-note-app-4015.git:kavia-master
2025-08-08 18:40:03,734 - Knowledge - INFO - Found code_base: <app.utils.kg_build.knowledge.KnowledgeCodeBase object at 0x7f638418a010>
2025-08-08 18:40:03,734 - Knowledge - INFO - persist ingested knowledge for /app/data/b2c/4015/b0770br/react-note-app-4015/package.json
2025-08-08 18:40:03,735 - Knowledge - INFO - Found code-base-name: https://github.com/kavia-common/react-note-app-4015.git:kavia-master
2025-08-08 18:40:03,735 - Knowledge - INFO - Found code_base: <app.utils.kg_build.knowledge.KnowledgeCodeBase object at 0x7f638418a010>
2025-08-08 18:40:03,735 - Knowledge - INFO - persist ingested knowledge for /app/data/b2c/4015/b0770br/react-note-app-4015/src/components/About.tsx
2025-08-08 18:40:03,735 - Knowledge - INFO - Found code-base-name: https://github.com/kavia-common/react-note-app-4015.git:kavia-master
2025-08-08 18:40:03,735 - Knowledge - INFO - Found code_base: <app.utils.kg_build.knowledge.KnowledgeCodeBase object at 0x7f638418a010>
2025-08-08 18:40:03,735 - Knowledge - INFO - persist ingested knowledge for /app/data/b2c/4015/b0770br/react-note-app-4015/public/index.html
2025-08-08 18:40:03,735 - Knowledge - INFO - Found code-base-name: https://github.com/kavia-common/react-note-app-4015.git:kavia-master
2025-08-08 18:40:03,736 - Knowledge - INFO - Found code_base: <app.utils.kg_build.knowledge.KnowledgeCodeBase object at 0x7f638418a010>
2025-08-08 18:40:03,736 - Knowledge - INFO - persist ingested knowledge for /app/data/b2c/4015/b0770br/react-note-app-4015/src/types/index.ts
2025-08-08 18:40:03,788 - Knowledge - INFO - Found code-base-name: https://github.com/kavia-common/react-note-app-4015.git:kavia-master
2025-08-08 18:40:03,788 - Knowledge - INFO - Found code_base: <app.utils.kg_build.knowledge.KnowledgeCodeBase object at 0x7f638418a010>
2025-08-08 18:40:03,788 - Knowledge - INFO - persist ingested knowledge for /app/data/b2c/4015/b0770br/react-note-app-4015/src/components/Home.tsx
2025-08-08 18:40:03,838 - Knowledge - INFO - Found code-base-name: https://github.com/kavia-common/react-note-app-4015.git:kavia-master
2025-08-08 18:40:03,838 - Knowledge - INFO - Found code_base: <app.utils.kg_build.knowledge.KnowledgeCodeBase object at 0x7f638418a010>
2025-08-08 18:40:03,838 - Knowledge - INFO - persist ingested knowledge for /app/data/b2c/4015/b0770br/react-note-app-4015/src/context/AppContext.tsx
2025-08-08 18:40:03,838 - Knowledge - INFO - Found code-base-name: https://github.com/kavia-common/react-note-app-4015.git:kavia-master
2025-08-08 18:40:03,838 - Knowledge - INFO - Found code_base: <app.utils.kg_build.knowledge.KnowledgeCodeBase object at 0x7f638418a010>
2025-08-08 18:40:03,838 - Knowledge - INFO - persist ingested knowledge for /app/data/b2c/4015/b0770br/react-note-app-4015/src/__tests__/components/AppFooter.test.tsx
2025-08-08 18:40:03,839 - Knowledge - INFO - Found code-base-name: https://github.com/kavia-common/react-note-app-4015.git:kavia-master
2025-08-08 18:40:03,839 - Knowledge - INFO - Found code_base: <app.utils.kg_build.knowledge.KnowledgeCodeBase object at 0x7f638418a010>
2025-08-08 18:40:03,839 - Knowledge - INFO - persist ingested knowledge for /app/data/b2c/4015/b0770br/react-note-app-4015/src/components/Auth/Login.tsx
2025-08-08 18:40:03,886 - Knowledge - INFO - worker kw21 pull /app/data/b2c/4015/b0770br/react-note-app-4015/public/robots.txt from ingest queue
2025-08-08 18:40:03,909 - Knowledge - INFO - process ingested knowledge for /app/data/b2c/4015/b0770br/react-note-app-4015/public/robots.txt
2025-08-08 18:40:03,943 - Knowledge - INFO - adding /app/data/b2c/4015/b0770br/react-note-app-4015/src/serviceWorker.ts to ingest queue
2025-08-08 18:40:04,642 - Knowledge - INFO - Found code-base-name: https://github.com/kavia-common/react-note-app-4015.git:kavia-master
2025-08-08 18:40:04,642 - Knowledge - INFO - Found code_base: <app.utils.kg_build.knowledge.KnowledgeCodeBase object at 0x7f638418a010>
2025-08-08 18:40:04,642 - Knowledge - INFO - persist ingested knowledge for /app/data/b2c/4015/b0770br/react-note-app-4015/src/__tests__/context/AuthContext.test.tsx
2025-08-08 18:40:04,690 - Knowledge - INFO - adding /app/data/b2c/4015/b0770br/react-note-app-4015/src/components/Home.tsx to ingest queue
2025-08-08 18:40:04,740 - Knowledge - INFO - adding /app/data/b2c/4015/b0770br/react-note-app-4015/src/__tests__/components/AppFooter.test.tsx to ingest queue
2025-08-08 18:40:04,791 - Knowledge - INFO - adding /app/data/b2c/4015/b0770br/react-note-app-4015/src/react-app-env.d.ts to ingest queue
2025-08-08 18:40:04,792 - Knowledge - INFO - Found code-base-name: https://github.com/kavia-common/react-note-app-4015.git:kavia-master
2025-08-08 18:40:04,792 - Knowledge - INFO - Found code_base: <app.utils.kg_build.knowledge.KnowledgeCodeBase object at 0x7f638418a010>
2025-08-08 18:40:04,792 - Knowledge - INFO - persist ingested knowledge for /app/data/b2c/4015/b0770br/react-note-app-4015/public/robots.txt
2025-08-08 18:40:04,843 - Knowledge - INFO - worker kw1 pull /app/data/b2c/4015/b0770br/react-note-app-4015/public/manifest.json from ingest queue
2025-08-08 18:40:04,844 - Knowledge - INFO - adding /app/data/b2c/4015/b0770br/react-note-app-4015/src/components/AppHeader.tsx to ingest queue
2025-08-08 18:40:04,845 - Knowledge - INFO - adding /app/data/b2c/4015/b0770br/react-note-app-4015/src/context/AuthContext.tsx to ingest queue
2025-08-08 18:40:04,845 - Knowledge - INFO - adding /app/data/b2c/4015/b0770br/react-note-app-4015/tailwind.config.js to ingest queue
2025-08-08 18:40:04,846 - Knowledge - INFO - adding /app/data/b2c/4015/b0770br/react-note-app-4015/src/index.tsx to ingest queue
2025-08-08 18:40:04,846 - Knowledge - INFO - adding /app/data/b2c/4015/b0770br/react-note-app-4015/src/mocks/index.ts to ingest queue
2025-08-08 18:40:04,847 - Knowledge - INFO - adding /app/data/b2c/4015/b0770br/react-note-app-4015/src/components/AppFooter.tsx to ingest queue
2025-08-08 18:40:04,848 - Knowledge - INFO - adding /app/data/b2c/4015/b0770br/react-note-app-4015/src/__tests__/components/AppHeader.test.tsx to ingest queue
2025-08-08 18:40:04,848 - Knowledge - INFO - adding /app/data/b2c/4015/b0770br/react-note-app-4015/README.md to ingest queue
2025-08-08 18:40:04,848 - Knowledge - INFO - adding /app/data/b2c/4015/b0770br/react-note-app-4015/src/components/Routes.tsx to ingest queue
2025-08-08 18:40:04,848 - Knowledge - INFO - adding /app/data/b2c/4015/b0770br/react-note-app-4015/package.json to ingest queue
2025-08-08 18:40:04,849 - Knowledge - INFO - adding /app/data/b2c/4015/b0770br/react-note-app-4015/src/components/About.tsx to ingest queue
2025-08-08 18:40:04,849 - Knowledge - INFO - adding /app/data/b2c/4015/b0770br/react-note-app-4015/public/index.html to ingest queue
2025-08-08 18:40:04,849 - Knowledge - INFO - adding /app/data/b2c/4015/b0770br/react-note-app-4015/src/types/index.ts to ingest queue
2025-08-08 18:40:04,871 - Knowledge - INFO - process ingested knowledge for /app/data/b2c/4015/b0770br/react-note-app-4015/public/manifest.json
2025-08-08 18:40:04,904 - Knowledge - INFO - worker kw9 pull /app/data/b2c/4015/b0770br/react-note-app-4015/src/tailwind.css from ingest queue
2025-08-08 18:40:04,904 - Knowledge - INFO - Thread kw9 - File tailwind.css - Remaining files in queue: 17
2025-08-08 18:40:04,904 - Knowledge - INFO - start ingest for /app/data/b2c/4015/b0770br/react-note-app-4015/src/tailwind.css
2025-08-08 18:40:04,906 - Knowledge - INFO - Fast-track processing for simple file: /app/data/b2c/4015/b0770br/react-note-app-4015/src/tailwind.css
2025-08-08 18:40:04,906 - Knowledge - INFO - done fast ingest for /app/data/b2c/4015/b0770br/react-note-app-4015/src/tailwind.css
2025-08-08 18:40:04,907 - Knowledge - INFO - process ingested knowledge for /app/data/b2c/4015/b0770br/react-note-app-4015/src/tailwind.css
2025-08-08 18:40:04,959 - Knowledge - INFO - worker kw24 pull /app/data/b2c/4015/b0770br/react-note-app-4015/src/serviceWorker.ts from ingest queue
2025-08-08 18:40:04,960 - Knowledge - INFO - Thread kw24 - File serviceWorker.ts - Remaining files in queue: 16
2025-08-08 18:40:04,960 - Knowledge - INFO - start ingest for /app/data/b2c/4015/b0770br/react-note-app-4015/src/serviceWorker.ts
2025-08-08 18:40:04,960 - Knowledge - INFO - worker kw2 pull /app/data/b2c/4015/b0770br/react-note-app-4015/src/components/Home.tsx from ingest queue
2025-08-08 18:40:04,961 - Knowledge - INFO - Thread kw2 - File Home.tsx - Remaining files in queue: 15
2025-08-08 18:40:04,961 - Knowledge - INFO - start ingest for /app/data/b2c/4015/b0770br/react-note-app-4015/src/components/Home.tsx
2025-08-08 18:40:04,963 - Knowledge - INFO - Fast-track processing for simple file: /app/data/b2c/4015/b0770br/react-note-app-4015/src/components/Home.tsx
2025-08-08 18:40:04,963 - Knowledge - INFO - done fast ingest for /app/data/b2c/4015/b0770br/react-note-app-4015/src/components/Home.tsx
2025-08-08 18:40:04,970 - Knowledge - INFO - process ingested knowledge for /app/data/b2c/4015/b0770br/react-note-app-4015/src/components/Home.tsx
2025-08-08 18:40:05,045 - Knowledge - INFO - worker kw11 pull /app/data/b2c/4015/b0770br/react-note-app-4015/src/__tests__/components/AppFooter.test.tsx from ingest queue
2025-08-08 18:40:05,046 - Knowledge - INFO - Thread kw11 - File AppFooter.test.tsx - Remaining files in queue: 14
2025-08-08 18:40:05,046 - Knowledge - INFO - start ingest for /app/data/b2c/4015/b0770br/react-note-app-4015/src/__tests__/components/AppFooter.test.tsx
2025-08-08 18:40:05,048 - Knowledge - INFO - worker kw14 pull /app/data/b2c/4015/b0770br/react-note-app-4015/src/react-app-env.d.ts from ingest queue
2025-08-08 18:40:05,048 - Knowledge - INFO - Thread kw14 - File react-app-env.d.ts - Remaining files in queue: 13
2025-08-08 18:40:05,048 - Knowledge - INFO - start ingest for /app/data/b2c/4015/b0770br/react-note-app-4015/src/react-app-env.d.ts
2025-08-08 18:40:05,049 - Knowledge - INFO - adding /app/data/b2c/4015/b0770br/react-note-app-4015/tslint.json to ingest queue
2025-08-08 18:40:05,050 - Knowledge - INFO - worker kw8 pull /app/data/b2c/4015/b0770br/react-note-app-4015/src/components/AppHeader.tsx from ingest queue
2025-08-08 18:40:05,050 - Knowledge - INFO - Thread kw8 - File AppHeader.tsx - Remaining files in queue: 13
2025-08-08 18:40:05,050 - Knowledge - INFO - start ingest for /app/data/b2c/4015/b0770br/react-note-app-4015/src/components/AppHeader.tsx
2025-08-08 18:40:05,053 - Knowledge - INFO - worker kw12 pull /app/data/b2c/4015/b0770br/react-note-app-4015/src/context/AuthContext.tsx from ingest queue
2025-08-08 18:40:05,053 - Knowledge - INFO - Thread kw12 - File AuthContext.tsx - Remaining files in queue: 12
2025-08-08 18:40:05,054 - Knowledge - INFO - start ingest for /app/data/b2c/4015/b0770br/react-note-app-4015/src/context/AuthContext.tsx
2025-08-08 18:40:05,054 - Knowledge - INFO - worker kw10 pull /app/data/b2c/4015/b0770br/react-note-app-4015/tailwind.config.js from ingest queue
2025-08-08 18:40:05,054 - Knowledge - INFO - Thread kw10 - File tailwind.config.js - Remaining files in queue: 11
2025-08-08 18:40:05,054 - Knowledge - INFO - start ingest for /app/data/b2c/4015/b0770br/react-note-app-4015/tailwind.config.js
2025-08-08 18:40:05,055 - Knowledge - INFO - worker kw5 pull /app/data/b2c/4015/b0770br/react-note-app-4015/src/index.tsx from ingest queue
2025-08-08 18:40:05,055 - Knowledge - INFO - Thread kw5 - File index.tsx - Remaining files in queue: 10
2025-08-08 18:40:05,055 - Knowledge - INFO - start ingest for /app/data/b2c/4015/b0770br/react-note-app-4015/src/index.tsx
2025-08-08 18:40:05,056 - Knowledge - INFO - Fast-track processing for simple file: /app/data/b2c/4015/b0770br/react-note-app-4015/src/__tests__/components/AppFooter.test.tsx
2025-08-08 18:40:05,056 - Knowledge - INFO - done fast ingest for /app/data/b2c/4015/b0770br/react-note-app-4015/src/__tests__/components/AppFooter.test.tsx
2025-08-08 18:40:05,057 - Knowledge - INFO - worker kw19 pull /app/data/b2c/4015/b0770br/react-note-app-4015/src/mocks/index.ts from ingest queue
2025-08-08 18:40:05,057 - Knowledge - INFO - Thread kw19 - File index.ts - Remaining files in queue: 9
2025-08-08 18:40:05,057 - Knowledge - INFO - start ingest for /app/data/b2c/4015/b0770br/react-note-app-4015/src/mocks/index.ts
2025-08-08 18:40:05,058 - Knowledge - INFO - worker kw13 pull /app/data/b2c/4015/b0770br/react-note-app-4015/src/components/AppFooter.tsx from ingest queue
2025-08-08 18:40:05,058 - Knowledge - INFO - Thread kw13 - File AppFooter.tsx - Remaining files in queue: 8
2025-08-08 18:40:05,058 - Knowledge - INFO - start ingest for /app/data/b2c/4015/b0770br/react-note-app-4015/src/components/AppFooter.tsx
2025-08-08 18:40:05,059 - Knowledge - INFO - Fast-track processing for simple file: /app/data/b2c/4015/b0770br/react-note-app-4015/src/react-app-env.d.ts
2025-08-08 18:40:05,060 - Knowledge - INFO - done fast ingest for /app/data/b2c/4015/b0770br/react-note-app-4015/src/react-app-env.d.ts
2025-08-08 18:40:05,060 - Knowledge - INFO - Fast-track processing for simple file: /app/data/b2c/4015/b0770br/react-note-app-4015/tailwind.config.js
2025-08-08 18:40:05,061 - Knowledge - INFO - done fast ingest for /app/data/b2c/4015/b0770br/react-note-app-4015/tailwind.config.js
2025-08-08 18:40:05,061 - Knowledge - INFO - adding /app/data/b2c/4015/b0770br/react-note-app-4015/src/context/AppContext.tsx to ingest queue
2025-08-08 18:40:05,062 - Knowledge - INFO - Found code-base-name: https://github.com/kavia-common/react-note-app-4015.git:kavia-master
2025-08-08 18:40:05,062 - Knowledge - INFO - Found code_base: <app.utils.kg_build.knowledge.KnowledgeCodeBase object at 0x7f638418a010>
2025-08-08 18:40:05,062 - Knowledge - INFO - persist ingested knowledge for /app/data/b2c/4015/b0770br/react-note-app-4015/src/tailwind.css
2025-08-08 18:40:05,063 - Knowledge - INFO - Fast-track processing for simple file: /app/data/b2c/4015/b0770br/react-note-app-4015/src/index.tsx
2025-08-08 18:40:05,063 - Knowledge - INFO - done fast ingest for /app/data/b2c/4015/b0770br/react-note-app-4015/src/index.tsx
2025-08-08 18:40:05,063 - Knowledge - INFO - adding /app/data/b2c/4015/b0770br/react-note-app-4015/src/App.tsx to ingest queue
2025-08-08 18:40:05,088 - Knowledge - INFO - adding /app/data/b2c/4015/b0770br/react-note-app-4015/src/components/Auth/Login.tsx to ingest queue
2025-08-08 18:40:05,089 - Knowledge - INFO - Fast-track processing for simple file: /app/data/b2c/4015/b0770br/react-note-app-4015/src/components/AppFooter.tsx
2025-08-08 18:40:05,089 - Knowledge - INFO - done fast ingest for /app/data/b2c/4015/b0770br/react-note-app-4015/src/components/AppFooter.tsx
2025-08-08 18:40:05,090 - Knowledge - INFO - adding /app/data/b2c/4015/b0770br/react-note-app-4015/src/reducers/asyncReducer.ts to ingest queue
2025-08-08 18:40:05,091 - Knowledge - INFO - Found code-base-name: https://github.com/kavia-common/react-note-app-4015.git:kavia-master
2025-08-08 18:40:05,091 - Knowledge - INFO - Found code_base: <app.utils.kg_build.knowledge.KnowledgeCodeBase object at 0x7f638418a010>
2025-08-08 18:40:05,091 - Knowledge - INFO - persist ingested knowledge for /app/data/b2c/4015/b0770br/react-note-app-4015/src/components/Home.tsx
2025-08-08 18:40:05,092 - Knowledge - INFO - adding /app/data/b2c/4015/b0770br/react-note-app-4015/public/robots.txt to ingest queue
2025-08-08 18:40:05,092 - Knowledge - INFO - adding /app/data/b2c/4015/b0770br/react-note-app-4015/tsconfig.json to ingest queue
2025-08-08 18:40:05,093 - Knowledge - INFO - worker kw22 pull /app/data/b2c/4015/b0770br/react-note-app-4015/src/__tests__/components/AppHeader.test.tsx from ingest queue
2025-08-08 18:40:05,093 - Knowledge - INFO - Thread kw22 - File AppHeader.test.tsx - Remaining files in queue: 13
2025-08-08 18:40:05,093 - Knowledge - INFO - worker kw7 pull /app/data/b2c/4015/b0770br/react-note-app-4015/README.md from ingest queue
2025-08-08 18:40:05,093 - Knowledge - INFO - Thread kw7 - File README.md - Remaining files in queue: 12
2025-08-08 18:40:05,093 - Knowledge - INFO - start ingest for /app/data/b2c/4015/b0770br/react-note-app-4015/README.md
2025-08-08 18:40:05,094 - Knowledge - INFO - worker kw18 pull /app/data/b2c/4015/b0770br/react-note-app-4015/src/components/Routes.tsx from ingest queue
2025-08-08 18:40:05,094 - Knowledge - INFO - Thread kw18 - File Routes.tsx - Remaining files in queue: 11
2025-08-08 18:40:05,094 - Knowledge - INFO - start ingest for /app/data/b2c/4015/b0770br/react-note-app-4015/src/components/Routes.tsx
2025-08-08 18:40:05,094 - Knowledge - INFO - start ingest for /app/data/b2c/4015/b0770br/react-note-app-4015/src/__tests__/components/AppHeader.test.tsx
2025-08-08 18:40:05,095 - Knowledge - INFO - Found code-base-name: https://github.com/kavia-common/react-note-app-4015.git:kavia-master
2025-08-08 18:40:05,095 - Knowledge - INFO - Found code_base: <app.utils.kg_build.knowledge.KnowledgeCodeBase object at 0x7f638418a010>
2025-08-08 18:40:05,095 - Knowledge - INFO - persist ingested knowledge for /app/data/b2c/4015/b0770br/react-note-app-4015/public/manifest.json
2025-08-08 18:40:05,096 - Knowledge - INFO - worker kw6 pull /app/data/b2c/4015/b0770br/react-note-app-4015/package.json from ingest queue
2025-08-08 18:40:05,096 - Knowledge - INFO - Thread kw6 - File package.json - Remaining files in queue: 10
2025-08-08 18:40:05,097 - Knowledge - INFO - start ingest for /app/data/b2c/4015/b0770br/react-note-app-4015/package.json
2025-08-08 18:40:05,098 - Knowledge - INFO - worker kw16 pull /app/data/b2c/4015/b0770br/react-note-app-4015/src/components/About.tsx from ingest queue
2025-08-08 18:40:05,098 - Knowledge - INFO - Thread kw16 - File About.tsx - Remaining files in queue: 9
2025-08-08 18:40:05,098 - Knowledge - INFO - start ingest for /app/data/b2c/4015/b0770br/react-note-app-4015/src/components/About.tsx
2025-08-08 18:40:05,107 - Knowledge - INFO - Fast-track processing for simple file: /app/data/b2c/4015/b0770br/react-note-app-4015/package.json
2025-08-08 18:40:05,107 - Knowledge - INFO - done fast ingest for /app/data/b2c/4015/b0770br/react-note-app-4015/package.json
2025-08-08 18:40:05,107 - Knowledge - INFO - process ingested knowledge for /app/data/b2c/4015/b0770br/react-note-app-4015/package.json
2025-08-08 18:40:05,108 - Knowledge - INFO - Fast-track processing for simple file: /app/data/b2c/4015/b0770br/react-note-app-4015/src/components/About.tsx
2025-08-08 18:40:05,108 - Knowledge - INFO - done fast ingest for /app/data/b2c/4015/b0770br/react-note-app-4015/src/components/About.tsx
2025-08-08 18:40:05,109 - Knowledge - INFO - Fast-track processing for simple file: /app/data/b2c/4015/b0770br/react-note-app-4015/README.md
2025-08-08 18:40:05,109 - Knowledge - INFO - done fast ingest for /app/data/b2c/4015/b0770br/react-note-app-4015/README.md
2025-08-08 18:40:05,110 - Knowledge - INFO - process ingested knowledge for /app/data/b2c/4015/b0770br/react-note-app-4015/README.md
2025-08-08 18:40:05,111 - Knowledge - INFO - process ingested knowledge for /app/data/b2c/4015/b0770br/react-note-app-4015/src/react-app-env.d.ts
2025-08-08 18:40:05,112 - Knowledge - INFO - process ingested knowledge for /app/data/b2c/4015/b0770br/react-note-app-4015/tailwind.config.js
2025-08-08 18:40:05,114 - Knowledge - INFO - process ingested knowledge for /app/data/b2c/4015/b0770br/react-note-app-4015/src/components/AppFooter.tsx
2025-08-08 18:40:05,115 - Knowledge - INFO - process ingested knowledge for /app/data/b2c/4015/b0770br/react-note-app-4015/src/index.tsx
2025-08-08 18:40:05,134 - Knowledge - INFO - process ingested knowledge for /app/data/b2c/4015/b0770br/react-note-app-4015/src/__tests__/components/AppFooter.test.tsx
2025-08-08 18:40:05,138 - Knowledge - INFO - process ingested knowledge for /app/data/b2c/4015/b0770br/react-note-app-4015/src/components/About.tsx
2025-08-08 18:40:05,259 - Knowledge - INFO - worker kw21 pull /app/data/b2c/4015/b0770br/react-note-app-4015/public/index.html from ingest queue
2025-08-08 18:40:05,259 - Knowledge - INFO - Thread kw21 - File index.html - Remaining files in queue: 8
2025-08-08 18:40:05,259 - Knowledge - INFO - start ingest for /app/data/b2c/4015/b0770br/react-note-app-4015/public/index.html
2025-08-08 18:40:05,259 - Knowledge - INFO - worker kw4 pull /app/data/b2c/4015/b0770br/react-note-app-4015/src/types/index.ts from ingest queue
2025-08-08 18:40:05,260 - Knowledge - INFO - Thread kw4 - File index.ts - Remaining files in queue: 7
2025-08-08 18:40:05,260 - Knowledge - INFO - start ingest for /app/data/b2c/4015/b0770br/react-note-app-4015/src/types/index.ts
2025-08-08 18:40:05,260 - Knowledge - INFO - worker kw25 pull /app/data/b2c/4015/b0770br/react-note-app-4015/tslint.json from ingest queue
2025-08-08 18:40:05,260 - Knowledge - INFO - Thread kw25 - File tslint.json - Remaining files in queue: 6
2025-08-08 18:40:05,261 - Knowledge - INFO - start ingest for /app/data/b2c/4015/b0770br/react-note-app-4015/tslint.json
2025-08-08 18:40:05,261 - Knowledge - INFO - adding /app/data/b2c/4015/b0770br/react-note-app-4015/src/__tests__/context/AuthContext.test.tsx to ingest queue
2025-08-08 18:40:05,293 - Knowledge - INFO - Fast-track processing for simple file: /app/data/b2c/4015/b0770br/react-note-app-4015/tslint.json
2025-08-08 18:40:05,293 - Knowledge - INFO - done fast ingest for /app/data/b2c/4015/b0770br/react-note-app-4015/tslint.json
2025-08-08 18:40:05,294 - Knowledge - INFO - process ingested knowledge for /app/data/b2c/4015/b0770br/react-note-app-4015/tslint.json
2025-08-08 18:40:05,295 - Knowledge - INFO - Fast-track processing for simple file: /app/data/b2c/4015/b0770br/react-note-app-4015/src/types/index.ts
2025-08-08 18:40:05,295 - Knowledge - INFO - done fast ingest for /app/data/b2c/4015/b0770br/react-note-app-4015/src/types/index.ts
2025-08-08 18:40:05,306 - Knowledge - INFO - process ingested knowledge for /app/data/b2c/4015/b0770br/react-note-app-4015/src/types/index.ts
2025-08-08 18:40:05,698 - Knowledge - INFO - worker kw20 pull /app/data/b2c/4015/b0770br/react-note-app-4015/src/context/AppContext.tsx from ingest queue
2025-08-08 18:40:05,698 - Knowledge - INFO - Thread kw20 - File AppContext.tsx - Remaining files in queue: 6
2025-08-08 18:40:05,698 - Knowledge - INFO - start ingest for /app/data/b2c/4015/b0770br/react-note-app-4015/src/context/AppContext.tsx
2025-08-08 18:40:05,699 - Knowledge - INFO - worker kw23 pull /app/data/b2c/4015/b0770br/react-note-app-4015/src/App.tsx from ingest queue
2025-08-08 18:40:05,699 - Knowledge - INFO - Thread kw23 - File App.tsx - Remaining files in queue: 5
2025-08-08 18:40:05,700 - Knowledge - INFO - start ingest for /app/data/b2c/4015/b0770br/react-note-app-4015/src/App.tsx
2025-08-08 18:40:05,700 - Knowledge - INFO - Found code-base-name: https://github.com/kavia-common/react-note-app-4015.git:kavia-master
2025-08-08 18:40:05,700 - Knowledge - INFO - Found code_base: <app.utils.kg_build.knowledge.KnowledgeCodeBase object at 0x7f638418a010>
2025-08-08 18:40:05,700 - Knowledge - INFO - persist ingested knowledge for /app/data/b2c/4015/b0770br/react-note-app-4015/README.md
2025-08-08 18:40:05,701 - Knowledge - INFO - Found code-base-name: https://github.com/kavia-common/react-note-app-4015.git:kavia-master
2025-08-08 18:40:05,701 - Knowledge - INFO - Found code_base: <app.utils.kg_build.knowledge.KnowledgeCodeBase object at 0x7f638418a010>
2025-08-08 18:40:05,701 - Knowledge - INFO - persist ingested knowledge for /app/data/b2c/4015/b0770br/react-note-app-4015/src/react-app-env.d.ts
2025-08-08 18:40:05,701 - Knowledge - INFO - Found code-base-name: https://github.com/kavia-common/react-note-app-4015.git:kavia-master
2025-08-08 18:40:05,701 - Knowledge - INFO - Found code_base: <app.utils.kg_build.knowledge.KnowledgeCodeBase object at 0x7f638418a010>
2025-08-08 18:40:05,701 - Knowledge - INFO - persist ingested knowledge for /app/data/b2c/4015/b0770br/react-note-app-4015/tailwind.config.js
2025-08-08 18:40:05,701 - Knowledge - INFO - Found code-base-name: https://github.com/kavia-common/react-note-app-4015.git:kavia-master
2025-08-08 18:40:05,701 - Knowledge - INFO - Found code_base: <app.utils.kg_build.knowledge.KnowledgeCodeBase object at 0x7f638418a010>
2025-08-08 18:40:05,702 - Knowledge - INFO - persist ingested knowledge for /app/data/b2c/4015/b0770br/react-note-app-4015/src/components/AppFooter.tsx
2025-08-08 18:40:05,702 - Knowledge - INFO - Found code-base-name: https://github.com/kavia-common/react-note-app-4015.git:kavia-master
2025-08-08 18:40:05,702 - Knowledge - INFO - Found code_base: <app.utils.kg_build.knowledge.KnowledgeCodeBase object at 0x7f638418a010>
2025-08-08 18:40:05,702 - Knowledge - INFO - persist ingested knowledge for /app/data/b2c/4015/b0770br/react-note-app-4015/src/index.tsx
2025-08-08 18:40:05,703 - Knowledge - INFO - Found code-base-name: https://github.com/kavia-common/react-note-app-4015.git:kavia-master
2025-08-08 18:40:05,703 - Knowledge - INFO - Found code_base: <app.utils.kg_build.knowledge.KnowledgeCodeBase object at 0x7f638418a010>
2025-08-08 18:40:05,703 - Knowledge - INFO - persist ingested knowledge for /app/data/b2c/4015/b0770br/react-note-app-4015/src/__tests__/components/AppFooter.test.tsx
2025-08-08 18:40:05,704 - Knowledge - INFO - Fast-track processing for simple file: /app/data/b2c/4015/b0770br/react-note-app-4015/src/context/AppContext.tsx
2025-08-08 18:40:05,704 - Knowledge - INFO - done fast ingest for /app/data/b2c/4015/b0770br/react-note-app-4015/src/context/AppContext.tsx
2025-08-08 18:40:05,705 - Knowledge - INFO - Found code-base-name: https://github.com/kavia-common/react-note-app-4015.git:kavia-master
2025-08-08 18:40:05,705 - Knowledge - INFO - Found code_base: <app.utils.kg_build.knowledge.KnowledgeCodeBase object at 0x7f638418a010>
2025-08-08 18:40:05,705 - Knowledge - INFO - persist ingested knowledge for /app/data/b2c/4015/b0770br/react-note-app-4015/src/components/About.tsx
2025-08-08 18:40:05,706 - Knowledge - INFO - worker kw2 pull /app/data/b2c/4015/b0770br/react-note-app-4015/src/components/Auth/Login.tsx from ingest queue
2025-08-08 18:40:05,706 - Knowledge - INFO - Thread kw2 - File Login.tsx - Remaining files in queue: 4
2025-08-08 18:40:05,707 - Knowledge - INFO - worker kw15 pull /app/data/b2c/4015/b0770br/react-note-app-4015/src/reducers/asyncReducer.ts from ingest queue
2025-08-08 18:40:05,707 - Knowledge - INFO - Thread kw15 - File asyncReducer.ts - Remaining files in queue: 3
2025-08-08 18:40:05,708 - Knowledge - INFO - start ingest for /app/data/b2c/4015/b0770br/react-note-app-4015/src/reducers/asyncReducer.ts
2025-08-08 18:40:05,708 - Knowledge - INFO - start ingest for /app/data/b2c/4015/b0770br/react-note-app-4015/src/components/Auth/Login.tsx
2025-08-08 18:40:05,709 - Knowledge - INFO - worker kw17 pull /app/data/b2c/4015/b0770br/react-note-app-4015/public/robots.txt from ingest queue
2025-08-08 18:40:05,709 - Knowledge - INFO - Thread kw17 - File robots.txt - Remaining files in queue: 2
2025-08-08 18:40:05,709 - Knowledge - INFO - start ingest for /app/data/b2c/4015/b0770br/react-note-app-4015/public/robots.txt
2025-08-08 18:40:05,710 - Knowledge - INFO - Found code-base-name: https://github.com/kavia-common/react-note-app-4015.git:kavia-master
2025-08-08 18:40:05,710 - Knowledge - INFO - Found code_base: <app.utils.kg_build.knowledge.KnowledgeCodeBase object at 0x7f638418a010>
2025-08-08 18:40:05,710 - Knowledge - INFO - persist ingested knowledge for /app/data/b2c/4015/b0770br/react-note-app-4015/src/types/index.ts
2025-08-08 18:40:05,712 - Knowledge - INFO - Found code-base-name: https://github.com/kavia-common/react-note-app-4015.git:kavia-master
2025-08-08 18:40:05,712 - Knowledge - INFO - Found code_base: <app.utils.kg_build.knowledge.KnowledgeCodeBase object at 0x7f638418a010>
2025-08-08 18:40:05,712 - Knowledge - INFO - persist ingested knowledge for /app/data/b2c/4015/b0770br/react-note-app-4015/package.json
2025-08-08 18:40:05,713 - Knowledge - INFO - Fast-track processing for simple file: /app/data/b2c/4015/b0770br/react-note-app-4015/src/components/Auth/Login.tsx
2025-08-08 18:40:05,713 - Knowledge - INFO - done fast ingest for /app/data/b2c/4015/b0770br/react-note-app-4015/src/components/Auth/Login.tsx
2025-08-08 18:40:05,714 - Knowledge - INFO - Fast-track processing for simple file: /app/data/b2c/4015/b0770br/react-note-app-4015/public/robots.txt
2025-08-08 18:40:05,714 - Knowledge - INFO - done fast ingest for /app/data/b2c/4015/b0770br/react-note-app-4015/public/robots.txt
2025-08-08 18:40:05,714 - Knowledge - INFO - process ingested knowledge for /app/data/b2c/4015/b0770br/react-note-app-4015/public/robots.txt
2025-08-08 18:40:05,721 - Knowledge - INFO - process ingested knowledge for /app/data/b2c/4015/b0770br/react-note-app-4015/src/context/AppContext.tsx
2025-08-08 18:40:05,789 - Knowledge - INFO - process ingested knowledge for /app/data/b2c/4015/b0770br/react-note-app-4015/src/components/Auth/Login.tsx
2025-08-08 18:40:06,138 - Knowledge - INFO - Found code-base-name: https://github.com/kavia-common/react-note-app-4015.git:kavia-master
2025-08-08 18:40:06,138 - Knowledge - INFO - Found code_base: <app.utils.kg_build.knowledge.KnowledgeCodeBase object at 0x7f638418a010>
2025-08-08 18:40:06,138 - Knowledge - INFO - persist ingested knowledge for /app/data/b2c/4015/b0770br/react-note-app-4015/tslint.json
2025-08-08 18:40:06,210 - Knowledge - INFO - worker kw9 pull /app/data/b2c/4015/b0770br/react-note-app-4015/tsconfig.json from ingest queue
2025-08-08 18:40:06,210 - Knowledge - INFO - Thread kw9 - File tsconfig.json - Remaining files in queue: 1
2025-08-08 18:40:06,211 - Knowledge - INFO - start ingest for /app/data/b2c/4015/b0770br/react-note-app-4015/tsconfig.json
2025-08-08 18:40:06,213 - Knowledge - INFO - Fast-track processing for simple file: /app/data/b2c/4015/b0770br/react-note-app-4015/tsconfig.json
2025-08-08 18:40:06,213 - Knowledge - INFO - done fast ingest for /app/data/b2c/4015/b0770br/react-note-app-4015/tsconfig.json
2025-08-08 18:40:06,213 - Knowledge - INFO - process ingested knowledge for /app/data/b2c/4015/b0770br/react-note-app-4015/tsconfig.json
2025-08-08 18:40:06,288 - Knowledge - INFO - Found code-base-name: https://github.com/kavia-common/react-note-app-4015.git:kavia-master
2025-08-08 18:40:06,288 - Knowledge - INFO - Found code_base: <app.utils.kg_build.knowledge.KnowledgeCodeBase object at 0x7f638418a010>
2025-08-08 18:40:06,288 - Knowledge - INFO - persist ingested knowledge for /app/data/b2c/4015/b0770br/react-note-app-4015/public/robots.txt
2025-08-08 18:40:06,288 - Knowledge - INFO - Found code-base-name: https://github.com/kavia-common/react-note-app-4015.git:kavia-master
2025-08-08 18:40:06,288 - Knowledge - INFO - Found code_base: <app.utils.kg_build.knowledge.KnowledgeCodeBase object at 0x7f638418a010>
2025-08-08 18:40:06,289 - Knowledge - INFO - persist ingested knowledge for /app/data/b2c/4015/b0770br/react-note-app-4015/src/components/Auth/Login.tsx
2025-08-08 18:40:06,289 - Knowledge - INFO - worker kw7 pull /app/data/b2c/4015/b0770br/react-note-app-4015/src/__tests__/context/AuthContext.test.tsx from ingest queue
2025-08-08 18:40:06,289 - Knowledge - INFO - Thread kw7 - File AuthContext.test.tsx - Remaining files in queue: 0
2025-08-08 18:40:06,289 - Knowledge - INFO - start ingest for /app/data/b2c/4015/b0770br/react-note-app-4015/src/__tests__/context/AuthContext.test.tsx
2025-08-08 18:40:06,366 - Knowledge - INFO - adding /app/data/b2c/4015/b0770br/react-note-app-4015/public/manifest.json to ingest queue
2025-08-08 18:40:06,366 - Knowledge - INFO - worker kw4 pull /app/data/b2c/4015/b0770br/react-note-app-4015/public/manifest.json from ingest queue
2025-08-08 18:40:06,367 - Knowledge - INFO - Thread kw4 - File manifest.json - Remaining files in queue: 0
2025-08-08 18:40:06,367 - Knowledge - INFO - start ingest for /app/data/b2c/4015/b0770br/react-note-app-4015/public/manifest.json
2025-08-08 18:40:06,367 - Knowledge - INFO - Found code-base-name: https://github.com/kavia-common/react-note-app-4015.git:kavia-master
2025-08-08 18:40:06,367 - Knowledge - INFO - Found code_base: <app.utils.kg_build.knowledge.KnowledgeCodeBase object at 0x7f638418a010>
2025-08-08 18:40:06,367 - Knowledge - INFO - persist ingested knowledge for /app/data/b2c/4015/b0770br/react-note-app-4015/src/context/AppContext.tsx
2025-08-08 18:40:06,369 - Knowledge - INFO - Fast-track processing for simple file: /app/data/b2c/4015/b0770br/react-note-app-4015/public/manifest.json
2025-08-08 18:40:06,369 - Knowledge - INFO - done fast ingest for /app/data/b2c/4015/b0770br/react-note-app-4015/public/manifest.json
2025-08-08 18:40:06,369 - Knowledge - INFO - process ingested knowledge for /app/data/b2c/4015/b0770br/react-note-app-4015/public/manifest.json
2025-08-08 18:40:06,516 - Knowledge - INFO - Found code-base-name: https://github.com/kavia-common/react-note-app-4015.git:kavia-master
2025-08-08 18:40:06,516 - Knowledge - INFO - Found code_base: <app.utils.kg_build.knowledge.KnowledgeCodeBase object at 0x7f638418a010>
2025-08-08 18:40:06,516 - Knowledge - INFO - persist ingested knowledge for /app/data/b2c/4015/b0770br/react-note-app-4015/public/manifest.json
2025-08-08 18:40:06,592 - Knowledge - INFO - Found code-base-name: https://github.com/kavia-common/react-note-app-4015.git:kavia-master
2025-08-08 18:40:06,592 - Knowledge - INFO - Found code_base: <app.utils.kg_build.knowledge.KnowledgeCodeBase object at 0x7f638418a010>
2025-08-08 18:40:06,592 - Knowledge - INFO - persist ingested knowledge for /app/data/b2c/4015/b0770br/react-note-app-4015/tsconfig.json
2025-08-08 18:40:15,599 - Knowledge - INFO - done ingest for /app/data/b2c/4015/b0770br/react-note-app-4015/public/index.html
2025-08-08 18:40:15,599 - Knowledge - INFO - process ingested knowledge for /app/data/b2c/4015/b0770br/react-note-app-4015/public/index.html
2025-08-08 18:40:15,811 - Knowledge - INFO - Found code-base-name: https://github.com/kavia-common/react-note-app-4015.git:kavia-master
2025-08-08 18:40:15,812 - Knowledge - INFO - Found code_base: <app.utils.kg_build.knowledge.KnowledgeCodeBase object at 0x7f638418a010>
2025-08-08 18:40:15,812 - Knowledge - INFO - persist ingested knowledge for /app/data/b2c/4015/b0770br/react-note-app-4015/public/index.html
2025-08-08 18:40:17,945 - Knowledge - INFO - done ingest for /app/data/b2c/4015/b0770br/react-note-app-4015/src/mocks/index.ts
2025-08-08 18:40:18,006 - Knowledge - INFO - process ingested knowledge for /app/data/b2c/4015/b0770br/react-note-app-4015/src/mocks/index.ts
2025-08-08 18:40:18,108 - Knowledge - INFO - Found code-base-name: https://github.com/kavia-common/react-note-app-4015.git:kavia-master
2025-08-08 18:40:18,108 - Knowledge - INFO - Found code_base: <app.utils.kg_build.knowledge.KnowledgeCodeBase object at 0x7f638418a010>
2025-08-08 18:40:18,108 - Knowledge - INFO - persist ingested knowledge for /app/data/b2c/4015/b0770br/react-note-app-4015/src/mocks/index.ts
2025-08-08 18:40:19,406 - Knowledge - INFO - persist search terms embedding for src/mocks/index.ts
2025-08-08 18:40:20,110 - Knowledge - INFO - done ingest for /app/data/b2c/4015/b0770br/react-note-app-4015/src/reducers/asyncReducer.ts
2025-08-08 18:40:20,146 - Knowledge - INFO - process ingested knowledge for /app/data/b2c/4015/b0770br/react-note-app-4015/src/reducers/asyncReducer.ts
2025-08-08 18:40:20,212 - Knowledge - INFO - Found code-base-name: https://github.com/kavia-common/react-note-app-4015.git:kavia-master
2025-08-08 18:40:20,212 - Knowledge - INFO - Found code_base: <app.utils.kg_build.knowledge.KnowledgeCodeBase object at 0x7f638418a010>
2025-08-08 18:40:20,212 - Knowledge - INFO - persist ingested knowledge for /app/data/b2c/4015/b0770br/react-note-app-4015/src/reducers/asyncReducer.ts
2025-08-08 18:40:20,419 - Knowledge - INFO - done ingest for /app/data/b2c/4015/b0770br/react-note-app-4015/src/components/AppHeader.tsx
2025-08-08 18:40:20,503 - Knowledge - INFO - process ingested knowledge for /app/data/b2c/4015/b0770br/react-note-app-4015/src/components/AppHeader.tsx
2025-08-08 18:40:20,927 - Knowledge - INFO - persist search terms embedding for src/reducers/asyncReducer.ts
2025-08-08 18:40:21,001 - Knowledge - INFO - Found code-base-name: https://github.com/kavia-common/react-note-app-4015.git:kavia-master
2025-08-08 18:40:21,002 - Knowledge - INFO - Found code_base: <app.utils.kg_build.knowledge.KnowledgeCodeBase object at 0x7f638418a010>
2025-08-08 18:40:21,002 - Knowledge - INFO - persist ingested knowledge for /app/data/b2c/4015/b0770br/react-note-app-4015/src/components/AppHeader.tsx
2025-08-08 18:40:21,406 - Knowledge - INFO - done ingest for /app/data/b2c/4015/b0770br/react-note-app-4015/src/__tests__/components/AppHeader.test.tsx
2025-08-08 18:40:21,442 - Knowledge - INFO - process ingested knowledge for /app/data/b2c/4015/b0770br/react-note-app-4015/src/__tests__/components/AppHeader.test.tsx
2025-08-08 18:40:21,699 - Knowledge - INFO - done ingest for /app/data/b2c/4015/b0770br/react-note-app-4015/src/App.tsx
2025-08-08 18:40:21,750 - Knowledge - INFO - process ingested knowledge for /app/data/b2c/4015/b0770br/react-note-app-4015/src/App.tsx
2025-08-08 18:40:21,791 - Knowledge - INFO - persist search terms embedding for src/components/AppHeader.tsx
2025-08-08 18:40:21,818 - Knowledge - INFO - Found code-base-name: https://github.com/kavia-common/react-note-app-4015.git:kavia-master
2025-08-08 18:40:21,818 - Knowledge - INFO - Found code_base: <app.utils.kg_build.knowledge.KnowledgeCodeBase object at 0x7f638418a010>
2025-08-08 18:40:21,818 - Knowledge - INFO - persist ingested knowledge for /app/data/b2c/4015/b0770br/react-note-app-4015/src/App.tsx
2025-08-08 18:40:21,909 - Knowledge - INFO - Found code-base-name: https://github.com/kavia-common/react-note-app-4015.git:kavia-master
2025-08-08 18:40:21,909 - Knowledge - INFO - Found code_base: <app.utils.kg_build.knowledge.KnowledgeCodeBase object at 0x7f638418a010>
2025-08-08 18:40:21,910 - Knowledge - INFO - persist ingested knowledge for /app/data/b2c/4015/b0770br/react-note-app-4015/src/__tests__/components/AppHeader.test.tsx
2025-08-08 18:40:22,337 - Knowledge - INFO - done ingest for /app/data/b2c/4015/b0770br/react-note-app-4015/src/__tests__/context/AuthContext.test.tsx
2025-08-08 18:40:22,410 - Knowledge - INFO - process ingested knowledge for /app/data/b2c/4015/b0770br/react-note-app-4015/src/__tests__/context/AuthContext.test.tsx
2025-08-08 18:40:22,708 - Knowledge - INFO - persist search terms embedding for src/App.tsx
2025-08-08 18:40:23,041 - Knowledge - INFO - done ingest for /app/data/b2c/4015/b0770br/react-note-app-4015/src/context/AuthContext.tsx
2025-08-08 18:40:23,148 - Knowledge - INFO - process ingested knowledge for /app/data/b2c/4015/b0770br/react-note-app-4015/src/context/AuthContext.tsx
2025-08-08 18:40:23,520 - Knowledge - INFO - persist search terms embedding for src/__tests__/components/AppHeader.test.tsx
2025-08-08 18:40:23,556 - Knowledge - INFO - done ingest for /app/data/b2c/4015/b0770br/react-note-app-4015/src/serviceWorker.ts
2025-08-08 18:40:23,597 - Knowledge - INFO - Found code-base-name: https://github.com/kavia-common/react-note-app-4015.git:kavia-master
2025-08-08 18:40:23,597 - Knowledge - INFO - Found code_base: <app.utils.kg_build.knowledge.KnowledgeCodeBase object at 0x7f638418a010>
2025-08-08 18:40:23,597 - Knowledge - INFO - persist ingested knowledge for /app/data/b2c/4015/b0770br/react-note-app-4015/src/__tests__/context/AuthContext.test.tsx
2025-08-08 18:40:23,628 - Knowledge - INFO - process ingested knowledge for /app/data/b2c/4015/b0770br/react-note-app-4015/src/serviceWorker.ts
2025-08-08 18:40:23,667 - Knowledge - INFO - done ingest for /app/data/b2c/4015/b0770br/react-note-app-4015/src/components/Routes.tsx
2025-08-08 18:40:23,677 - Knowledge - INFO - process ingested knowledge for /app/data/b2c/4015/b0770br/react-note-app-4015/src/components/Routes.tsx
2025-08-08 18:40:24,005 - Knowledge - INFO - persist search terms embedding for src/__tests__/context/AuthContext.test.tsx
2025-08-08 18:40:24,006 - Knowledge - INFO - Found code-base-name: https://github.com/kavia-common/react-note-app-4015.git:kavia-master
2025-08-08 18:40:24,006 - Knowledge - INFO - Found code_base: <app.utils.kg_build.knowledge.KnowledgeCodeBase object at 0x7f638418a010>
2025-08-08 18:40:24,007 - Knowledge - INFO - persist ingested knowledge for /app/data/b2c/4015/b0770br/react-note-app-4015/src/serviceWorker.ts
2025-08-08 18:40:24,008 - Knowledge - INFO - Found code-base-name: https://github.com/kavia-common/react-note-app-4015.git:kavia-master
2025-08-08 18:40:24,008 - Knowledge - INFO - Found code_base: <app.utils.kg_build.knowledge.KnowledgeCodeBase object at 0x7f638418a010>
2025-08-08 18:40:24,008 - Knowledge - INFO - persist ingested knowledge for /app/data/b2c/4015/b0770br/react-note-app-4015/src/context/AuthContext.tsx
2025-08-08 18:40:24,343 - Knowledge - INFO - persist search terms embedding for src/serviceWorker.ts
2025-08-08 18:40:24,344 - Knowledge - INFO - Found code-base-name: https://github.com/kavia-common/react-note-app-4015.git:kavia-master
2025-08-08 18:40:24,344 - Knowledge - INFO - Found code_base: <app.utils.kg_build.knowledge.KnowledgeCodeBase object at 0x7f638418a010>
2025-08-08 18:40:24,344 - Knowledge - INFO - persist ingested knowledge for /app/data/b2c/4015/b0770br/react-note-app-4015/src/components/Routes.tsx
2025-08-08 18:40:24,817 - Knowledge - INFO - persist search terms embedding for src/context/AuthContext.tsx
2025-08-08 18:40:26,099 - Knowledge - INFO - persist search terms embedding for src/components/Routes.tsx
2025-08-08 18:40:26,101 - Knowledge - INFO - Knowledge creation complete
2025-08-08 18:40:26,103 - Knowledge - INFO - Updating org costs, total cost: 0.0024846
2025-08-08 18:40:26,273 - Knowledge - INFO - Saving knowledge to Redis...
2025-08-08 18:40:26,288 - Knowledge - INFO - Knowledge saved to Redis successfully
